// Jest Snapshot v1, https://goo.gl/fbAQLP

exports[`should take a snapshot 1`] = `
<DocumentFragment>
  <div
    class="w-100 text-center mt-1 mb-4"
  >
    <h2>
      Welcome to MAL-Simp. A web-app that simplifies MyAnimeList
    </h2>
  </div>
  <div
    class="w-100 text-center"
  >
    <button
      class="btn btn-primary"
      type="button"
    >
      Log In to MyAnimeList.net
    </button>
  </div>
  <h2 />
  <div
    class="fluid container"
  >
    <div
      class="g-4 row row-cols-md-5 row-cols-1"
    />
  </div>
</DocumentFragment>
`;
